    Finished `test` profile [unoptimized] target(s) in 0.13s
     Running unittests src/lib.rs (/dev/shm/substrate-output-stall-target/debug/deps/substrate_host-58ffa47f72a77857)

running 30 tests
test process::tests::cumulative_cpu_usage_is_read_from_the_exec_cgroup ... ok
test process::tests::expired_exec_is_terminal_for_exact_acknowledgement ... ok
test process::tests::live_drain_preserves_stream_and_bounded_capture ... ok
test process::tests::closing_live_receiver_releases_waiting_drain_before_stall_deadline ... ok
test process::tests::adversary_shared_stall_cannot_resume_sibling_stream ... ok
test process::tests::narrower_workspace_access_never_degrades_when_the_fact_is_absent ... ok
test process::tests::capsule_materialization_verifies_bytes_and_cleans_private_directory ... ok
test process::tests::scoped_workspace_access_refuses_absence_files_and_symlinks ... ok
test process::tests::secret_shaped_environment_names_are_never_admitted ... ok
test process::tests::post_spawn_failure_with_failed_cgroup_cleanup_is_outcome_unknown ... ok
test process::tests::post_spawn_failure_with_proven_empty_cgroup_is_contained_absent ... ok
test process::tests::stalled_live_queue_reaches_deadline_without_falsifying_durable_truncation ... ok
test process::tests::terminal_notify_between_state_check_and_wait_is_not_lost ... ok
test process::tests::stale_snapshot_refuses_before_backend_access ... ok
test process::tests::stale_running_acknowledgement_cannot_discard_newer_terminal_observation ... ok
test process::tests::the_exec_argv_carries_the_user_namespace_posture ... ok
test process::tests::an_oom_is_named_on_the_observation_without_measurements ... ok
test process::tests::unrecorded_drain_streams_accounts_and_never_accumulates_payload ... ok
test process::tests::a_confined_process_cannot_nest_a_user_namespace ... ok
test process::tests::a_confined_exec_cannot_autoload_host_kernel_modules_through_af_alg ... ok
test process::tests::startup_reconciles_only_private_stale_capsule_directories ... ok
test process::tests::no_socket_family_opens_inside_a_confined_exec_without_a_recorded_decision ... ok
test process::tests::an_exec_that_crosses_its_memory_bound_leaves_no_process_in_its_cgroup ... ok
test process::tests::pty_session_kills_tree_on_attachment_loss ... ok
test process::tests::a_confined_process_cannot_open_an_af_vsock_socket ... ok
test process::tests::the_user_namespace_posture_is_written_in_exactly_one_place ... ok
test process::tests::raw_pipe_refuses_when_hard_confinement_is_unavailable ... ok
test process::tests::pty_session_refused_without_confinement ... ok
test process::tests::live_queue_burst_waits_for_consumer_without_losing_bytes ... ok
test process::tests::every_probe_sandbox_carries_the_user_namespace_posture ... ok

test result: ok. 30 passed; 0 failed; 0 ignored; 0 measured; 92 filtered out; finished in 25.02s

